// Jest Snapshot v1, https://goo.gl/fbAQLP

exports[`<CardGaleria /> Primer SnapShot: <CardGaleria /> 1`] = `
<div
  cat="Marca01"
>
  <div
    className="card card_mod h-100"
    id="01k2021"
  >
    <img
      alt="Producto Prueba"
      className="card-img-top tamaño_imagenes"
      src="https://aire.svg"
    />
    <div
      className="line_head"
    >
      <div
        className="container_card_texto"
      >
        <div
          className="caja_texto_cards"
        >
          <strong>
            Marca01 
          </strong>
          <span
            className="descrip_span"
          >
            Producto Prueba
          </span>
        </div>
      </div>
      <div
        className="precio_card"
      >
        <span>
          CLP 1,000
        </span>
      </div>
    </div>
    <div
      className="container_tipo_entrega"
    >
      <ItemTipoEntrega
        texto="despacho"
        tipo="despacho"
      />
      <ItemTipoEntrega
        texto="retiro"
        tipo="retiro"
      />
    </div>
    <div
      className="card-footer card_foot_mod"
    >
      <button
        onClick={[Function]}
        type="button"
      >
        Agregar
      </button>
    </div>
  </div>
</div>
`;
